MPLINK 4.48, Linker
Linker Map File - Created Sat Dec 03 18:15:38 2016

                                 Section Info
                  Section       Type    Address   Location Size(Bytes)
                ---------  ---------  ---------  ---------  ---------
                   .org_0       code   0x000000    program   0x0001a4



                              Program Memory Usage 
                               Start         End      
                           ---------   ---------      
                            0x000000    0x0000d1      
            210 out of 1094 program addresses used, program memory utilization is 19%



                              Symbols - Sorted by Name
                     Name    Address   Location    Storage File                     
                ---------  ---------  ---------  --------- ---------                
                CHAR_DOWN   0x0000a4    program     static C:\GitHubRepositories\PIC_Microcontroller\LCD_Module_16x2\LCD_Module_16x2_4Bit.ASM
                  CHAR_UP   0x00009b    program     static C:\GitHubRepositories\PIC_Microcontroller\LCD_Module_16x2\LCD_Module_16x2_4Bit.ASM
            CLEAR_DISPLAY   0x000046    program     static C:\GitHubRepositories\PIC_Microcontroller\LCD_Module_16x2\LCD_Module_16x2_4Bit.ASM
       DEFINE_CHARACTER_0   0x000067    program     static C:\GitHubRepositories\PIC_Microcontroller\LCD_Module_16x2\LCD_Module_16x2_4Bit.ASM
           ENTRY_MODE_SET   0x000013    program     static C:\GitHubRepositories\PIC_Microcontroller\LCD_Module_16x2\LCD_Module_16x2_4Bit.ASM
                GOTO_LINE   0x000054    program     static C:\GitHubRepositories\PIC_Microcontroller\LCD_Module_16x2\LCD_Module_16x2_4Bit.ASM
               INITIALISE   0x0000b4    program     static C:\GitHubRepositories\PIC_Microcontroller\LCD_Module_16x2\LCD_Module_16x2_4Bit.ASM
                     LOOP   0x0000ca    program     static C:\GitHubRepositories\PIC_Microcontroller\LCD_Module_16x2\LCD_Module_16x2_4Bit.ASM
                     MAIN   0x0000ba    program     static C:\GitHubRepositories\PIC_Microcontroller\LCD_Module_16x2\LCD_Module_16x2_4Bit.ASM
             MESSAGE_PAGE   0x000078    program     static C:\GitHubRepositories\PIC_Microcontroller\LCD_Module_16x2\LCD_Module_16x2_4Bit.ASM
              MOVE_CURSOR   0x00003e    program     static C:\GitHubRepositories\PIC_Microcontroller\LCD_Module_16x2\LCD_Module_16x2_4Bit.ASM
                NEXT_CHAR   0x0000ad    program     static C:\GitHubRepositories\PIC_Microcontroller\LCD_Module_16x2\LCD_Module_16x2_4Bit.ASM
              RETURN_HOME   0x00004d    program     static C:\GitHubRepositories\PIC_Microcontroller\LCD_Module_16x2\LCD_Module_16x2_4Bit.ASM
                SEND_CHAR   0x00005a    program     static C:\GitHubRepositories\PIC_Microcontroller\LCD_Module_16x2\LCD_Module_16x2_4Bit.ASM
       SET_CG_RAM_ADDRESS   0x000022    program     static C:\GitHubRepositories\PIC_Microcontroller\LCD_Module_16x2\LCD_Module_16x2_4Bit.ASM
       SET_DD_RAM_ADDRESS   0x000029    program     static C:\GitHubRepositories\PIC_Microcontroller\LCD_Module_16x2\LCD_Module_16x2_4Bit.ASM
                SET_DELAY   0x000002    program     static C:\GitHubRepositories\PIC_Microcontroller\LCD_Module_16x2\LCD_Module_16x2_4Bit.ASM
              SET_DISPLAY   0x00001a    program     static C:\GitHubRepositories\PIC_Microcontroller\LCD_Module_16x2\LCD_Module_16x2_4Bit.ASM
             SET_FUNCTION   0x000009    program     static C:\GitHubRepositories\PIC_Microcontroller\LCD_Module_16x2\LCD_Module_16x2_4Bit.ASM
             SET_PORTA_IN   0x0000b4    program     static C:\GitHubRepositories\PIC_Microcontroller\LCD_Module_16x2\LCD_Module_16x2_4Bit.ASM
            SET_PORTB_OUT   0x0000b7    program     static C:\GitHubRepositories\PIC_Microcontroller\LCD_Module_16x2\LCD_Module_16x2_4Bit.ASM
       SHIFT_DISPLAY_LEFT   0x000030    program     static C:\GitHubRepositories\PIC_Microcontroller\LCD_Module_16x2\LCD_Module_16x2_4Bit.ASM
      SHIFT_DISPLAY_RIGHT   0x000037    program     static C:\GitHubRepositories\PIC_Microcontroller\LCD_Module_16x2\LCD_Module_16x2_4Bit.ASM
                   SLEEP5   0x000095    program     static C:\GitHubRepositories\PIC_Microcontroller\LCD_Module_16x2\LCD_Module_16x2_4Bit.ASM
                   STROBE   0x000006    program     static C:\GitHubRepositories\PIC_Microcontroller\LCD_Module_16x2\LCD_Module_16x2_4Bit.ASM



                              Symbols - Sorted by Address
                     Name    Address   Location    Storage File                     
                ---------  ---------  ---------  --------- ---------                
                SET_DELAY   0x000002    program     static C:\GitHubRepositories\PIC_Microcontroller\LCD_Module_16x2\LCD_Module_16x2_4Bit.ASM
                   STROBE   0x000006    program     static C:\GitHubRepositories\PIC_Microcontroller\LCD_Module_16x2\LCD_Module_16x2_4Bit.ASM
             SET_FUNCTION   0x000009    program     static C:\GitHubRepositories\PIC_Microcontroller\LCD_Module_16x2\LCD_Module_16x2_4Bit.ASM
           ENTRY_MODE_SET   0x000013    program     static C:\GitHubRepositories\PIC_Microcontroller\LCD_Module_16x2\LCD_Module_16x2_4Bit.ASM
              SET_DISPLAY   0x00001a    program     static C:\GitHubRepositories\PIC_Microcontroller\LCD_Module_16x2\LCD_Module_16x2_4Bit.ASM
       SET_CG_RAM_ADDRESS   0x000022    program     static C:\GitHubRepositories\PIC_Microcontroller\LCD_Module_16x2\LCD_Module_16x2_4Bit.ASM
       SET_DD_RAM_ADDRESS   0x000029    program     static C:\GitHubRepositories\PIC_Microcontroller\LCD_Module_16x2\LCD_Module_16x2_4Bit.ASM
       SHIFT_DISPLAY_LEFT   0x000030    program     static C:\GitHubRepositories\PIC_Microcontroller\LCD_Module_16x2\LCD_Module_16x2_4Bit.ASM
      SHIFT_DISPLAY_RIGHT   0x000037    program     static C:\GitHubRepositories\PIC_Microcontroller\LCD_Module_16x2\LCD_Module_16x2_4Bit.ASM
              MOVE_CURSOR   0x00003e    program     static C:\GitHubRepositories\PIC_Microcontroller\LCD_Module_16x2\LCD_Module_16x2_4Bit.ASM
            CLEAR_DISPLAY   0x000046    program     static C:\GitHubRepositories\PIC_Microcontroller\LCD_Module_16x2\LCD_Module_16x2_4Bit.ASM
              RETURN_HOME   0x00004d    program     static C:\GitHubRepositories\PIC_Microcontroller\LCD_Module_16x2\LCD_Module_16x2_4Bit.ASM
                GOTO_LINE   0x000054    program     static C:\GitHubRepositories\PIC_Microcontroller\LCD_Module_16x2\LCD_Module_16x2_4Bit.ASM
                SEND_CHAR   0x00005a    program     static C:\GitHubRepositories\PIC_Microcontroller\LCD_Module_16x2\LCD_Module_16x2_4Bit.ASM
       DEFINE_CHARACTER_0   0x000067    program     static C:\GitHubRepositories\PIC_Microcontroller\LCD_Module_16x2\LCD_Module_16x2_4Bit.ASM
             MESSAGE_PAGE   0x000078    program     static C:\GitHubRepositories\PIC_Microcontroller\LCD_Module_16x2\LCD_Module_16x2_4Bit.ASM
                   SLEEP5   0x000095    program     static C:\GitHubRepositories\PIC_Microcontroller\LCD_Module_16x2\LCD_Module_16x2_4Bit.ASM
                  CHAR_UP   0x00009b    program     static C:\GitHubRepositories\PIC_Microcontroller\LCD_Module_16x2\LCD_Module_16x2_4Bit.ASM
                CHAR_DOWN   0x0000a4    program     static C:\GitHubRepositories\PIC_Microcontroller\LCD_Module_16x2\LCD_Module_16x2_4Bit.ASM
                NEXT_CHAR   0x0000ad    program     static C:\GitHubRepositories\PIC_Microcontroller\LCD_Module_16x2\LCD_Module_16x2_4Bit.ASM
               INITIALISE   0x0000b4    program     static C:\GitHubRepositories\PIC_Microcontroller\LCD_Module_16x2\LCD_Module_16x2_4Bit.ASM
             SET_PORTA_IN   0x0000b4    program     static C:\GitHubRepositories\PIC_Microcontroller\LCD_Module_16x2\LCD_Module_16x2_4Bit.ASM
            SET_PORTB_OUT   0x0000b7    program     static C:\GitHubRepositories\PIC_Microcontroller\LCD_Module_16x2\LCD_Module_16x2_4Bit.ASM
                     MAIN   0x0000ba    program     static C:\GitHubRepositories\PIC_Microcontroller\LCD_Module_16x2\LCD_Module_16x2_4Bit.ASM
                     LOOP   0x0000ca    program     static C:\GitHubRepositories\PIC_Microcontroller\LCD_Module_16x2\LCD_Module_16x2_4Bit.ASM


